Command line invocation:
    /Applications/Xcode.app/Contents/Developer/usr/bin/xcodebuild -project shadow.xcodeproj -scheme shadow -configuration Debug

2026-04-09 01:10:56.495 xcodebuild[35430:6958420] [MT] IDERunDestination: Supported platforms for the buildables in the current scheme is empty.
--- xcodebuild: WARNING: Using the first of multiple matching destinations:
{ platform:macOS, arch:arm64, id:00006000-000228412191801E, name:My Mac }
{ platform:macOS, arch:x86_64, id:00006000-000228412191801E, name:My Mac }
{ platform:macOS, name:Any Mac }
ComputePackagePrebuildTargetDependencyGraph

Prepare packages

CreateBuildRequest

SendProjectDescription

CreateBuildOperation

ComputeTargetDependencyGraph
note: Building targets in dependency order
note: Target dependency graph (1 target)
    Target 'shadow' in project 'shadow' (no dependencies)

GatherProvisioningInputs

CreateBuildDescription

ExecuteExternalTool /Applications/Xcode.app/Contents/Developer/Toolchains/XcodeDefault.xctoolchain/usr/bin/clang -v -E -dM -isysroot /Applications/Xcode.app/Contents/Developer/Platforms/MacOSX.platform/Developer/SDKs/MacOSX26.2.sdk -x c -c /dev/null

ExecuteExternalTool /Applications/Xcode.app/Contents/Developer/usr/bin/actool --version --output-format xml1

ExecuteExternalTool /Applications/Xcode.app/Contents/Developer/Toolchains/XcodeDefault.xctoolchain/usr/bin/swiftc --version

ExecuteExternalTool /Applications/Xcode.app/Contents/Developer/Toolchains/XcodeDefault.xctoolchain/usr/bin/ld -version_details

Build description signature: 5d8ecbaa5dd32bf7009b47845b1949fe
Build description path: /Users/joshue/Library/Developer/Xcode/DerivedData/shadow-ftkykcgavzkqrgbimadfdqccarrj/Build/Intermediates.noindex/XCBuildData/5d8ecbaa5dd32bf7009b47845b1949fe.xcbuilddata
ClangStatCache /Applications/Xcode.app/Contents/Developer/Toolchains/XcodeDefault.xctoolchain/usr/bin/clang-stat-cache /Applications/Xcode.app/Contents/Developer/Platforms/MacOSX.platform/Developer/SDKs/MacOSX26.2.sdk /Users/joshue/Library/Developer/Xcode/DerivedData/SDKStatCaches.noindex/macosx26.2-25C57-00fa09913b459cbbc988d1f6730289ae.sdkstatcache
    cd /Users/joshue/projects/shadow/shadow.xcodeproj
    /Applications/Xcode.app/Contents/Developer/Toolchains/XcodeDefault.xctoolchain/usr/bin/clang-stat-cache /Applications/Xcode.app/Contents/Developer/Platforms/MacOSX.platform/Developer/SDKs/MacOSX26.2.sdk -o /Users/joshue/Library/Developer/Xcode/DerivedData/SDKStatCaches.noindex/macosx26.2-25C57-00fa09913b459cbbc988d1f6730289ae.sdkstatcache

ProcessInfoPlistFile /Users/joshue/Library/Developer/Xcode/DerivedData/shadow-ftkykcgavzkqrgbimadfdqccarrj/Build/Products/Debug/shadow.app/Contents/Info.plist /Users/joshue/Library/Developer/Xcode/DerivedData/shadow-ftkykcgavzkqrgbimadfdqccarrj/Build/Intermediates.noindex/shadow.build/Debug/shadow.build/empty-shadow.plist (in target 'shadow' from project 'shadow')
    cd /Users/joshue/projects/shadow
    builtin-infoPlistUtility /Users/joshue/Library/Developer/Xcode/DerivedData/shadow-ftkykcgavzkqrgbimadfdqccarrj/Build/Intermediates.noindex/shadow.build/Debug/shadow.build/empty-shadow.plist -producttype com.apple.product-type.application -genpkginfo /Users/joshue/Library/Developer/Xcode/DerivedData/shadow-ftkykcgavzkqrgbimadfdqccarrj/Build/Products/Debug/shadow.app/Contents/PkgInfo -expandbuildsettings -platform macosx -additionalcontentfile /Users/joshue/Library/Developer/Xcode/DerivedData/shadow-ftkykcgavzkqrgbimadfdqccarrj/Build/Intermediates.noindex/shadow.build/Debug/shadow.build/assetcatalog_generated_info.plist -o /Users/joshue/Library/Developer/Xcode/DerivedData/shadow-ftkykcgavzkqrgbimadfdqccarrj/Build/Products/Debug/shadow.app/Contents/Info.plist

SwiftDriver shadow normal arm64 com.apple.xcode.tools.swift.compiler (in target 'shadow' from project 'shadow')
    cd /Users/joshue/projects/shadow
    builtin-SwiftDriver -- /Applications/Xcode.app/Contents/Developer/Toolchains/XcodeDefault.xctoolchain/usr/bin/swiftc -module-name shadow -Onone -enforce-exclusivity\=checked @/Users/joshue/Library/Developer/Xcode/DerivedData/shadow-ftkykcgavzkqrgbimadfdqccarrj/Build/Intermediates.noindex/shadow.build/Debug/shadow.build/Objects-normal/arm64/shadow.SwiftFileList -DDEBUG -default-isolation\=MainActor -enable-bare-slash-regex -enable-upcoming-feature DisableOutwardActorInference -enable-upcoming-feature InferSendableFromCaptures -enable-upcoming-feature GlobalActorIsolatedTypesUsability -enable-upcoming-feature MemberImportVisibility -enable-upcoming-feature InferIsolatedConformances -enable-upcoming-feature NonisolatedNonsendingByDefault -enable-experimental-feature DebugDescriptionMacro -sdk /Applications/Xcode.app/Contents/Developer/Platforms/MacOSX.platform/Developer/SDKs/MacOSX26.2.sdk -target arm64-apple-macos15.0 -g -module-cache-path /Users/joshue/Library/Developer/Xcode/DerivedData/ModuleCache.noindex -Xfrontend -serialize-debugging-options -enable-testing -index-store-path /Users/joshue/Library/Developer/Xcode/DerivedData/shadow-ftkykcgavzkqrgbimadfdqccarrj/Index.noindex/DataStore -Xcc -D_LIBCPP_HARDENING_MODE\=_LIBCPP_HARDENING_MODE_DEBUG -swift-version 5 -I /Users/joshue/Library/Developer/Xcode/DerivedData/shadow-ftkykcgavzkqrgbimadfdqccarrj/Build/Products/Debug -F /Users/joshue/Library/Developer/Xcode/DerivedData/shadow-ftkykcgavzkqrgbimadfdqccarrj/Build/Products/Debug -emit-localized-strings -emit-localized-strings-path /Users/joshue/Library/Developer/Xcode/DerivedData/shadow-ftkykcgavzkqrgbimadfdqccarrj/Build/Intermediates.noindex/shadow.build/Debug/shadow.build/Objects-normal/arm64 -c -j10 -enable-batch-mode -incremental -Xcc -ivfsstatcache -Xcc /Users/joshue/Library/Developer/Xcode/DerivedData/SDKStatCaches.noindex/macosx26.2-25C57-00fa09913b459cbbc988d1f6730289ae.sdkstatcache -output-file-map /Users/joshue/Library/Developer/Xcode/DerivedData/shadow-ftkykcgavzkqrgbimadfdqccarrj/Build/Intermediates.noindex/shadow.build/Debug/shadow.build/Objects-normal/arm64/shadow-OutputFileMap.json -use-frontend-parseable-output -save-temps -no-color-diagnostics -explicit-module-build -module-cache-path /Users/joshue/Library/Developer/Xcode/DerivedData/shadow-ftkykcgavzkqrgbimadfdqccarrj/Build/Intermediates.noindex/SwiftExplicitPrecompiledModules -clang-scanner-module-cache-path /Users/joshue/Library/Developer/Xcode/DerivedData/ModuleCache.noindex -sdk-module-cache-path /Users/joshue/Library/Developer/Xcode/DerivedData/ModuleCache.noindex -serialize-diagnostics -emit-dependencies -emit-module -emit-module-path /Users/joshue/Library/Developer/Xcode/DerivedData/shadow-ftkykcgavzkqrgbimadfdqccarrj/Build/Intermediates.noindex/shadow.build/Debug/shadow.build/Objects-normal/arm64/shadow.swiftmodule -validate-clang-modules-once -clang-build-session-file /Users/joshue/Library/Developer/Xcode/DerivedData/ModuleCache.noindex/Session.modulevalidation -Xcc -I/Users/joshue/Library/Developer/Xcode/DerivedData/shadow-ftkykcgavzkqrgbimadfdqccarrj/Build/Intermediates.noindex/shadow.build/Debug/shadow.build/swift-overrides.hmap -emit-const-values -Xfrontend -const-gather-protocols-file -Xfrontend /Users/joshue/Library/Developer/Xcode/DerivedData/shadow-ftkykcgavzkqrgbimadfdqccarrj/Build/Intermediates.noindex/shadow.build/Debug/shadow.build/Objects-normal/arm64/shadow_const_extract_protocols.json -Xcc -iquote -Xcc /Users/joshue/Library/Developer/Xcode/DerivedData/shadow-ftkykcgavzkqrgbimadfdqccarrj/Build/Intermediates.noindex/shadow.build/Debug/shadow.build/shadow-generated-files.hmap -Xcc -I/Users/joshue/Library/Developer/Xcode/DerivedData/shadow-ftkykcgavzkqrgbimadfdqccarrj/Build/Intermediates.noindex/shadow.build/Debug/shadow.build/shadow-own-target-headers.hmap -Xcc -I/Users/joshue/Library/Developer/Xcode/DerivedData/shadow-ftkykcgavzkqrgbimadfdqccarrj/Build/Intermediates.noindex/shadow.build/Debug/shadow.build/shadow-all-target-headers.hmap -Xcc -iquote -Xcc /Users/joshue/Library/Developer/Xcode/DerivedData/shadow-ftkykcgavzkqrgbimadfdqccarrj/Build/Intermediates.noindex/shadow.build/Debug/shadow.build/shadow-project-headers.hmap -Xcc -I/Users/joshue/Library/Developer/Xcode/DerivedData/shadow-ftkykcgavzkqrgbimadfdqccarrj/Build/Products/Debug/include -Xcc -I/Users/joshue/Library/Developer/Xcode/DerivedData/shadow-ftkykcgavzkqrgbimadfdqccarrj/Build/Intermediates.noindex/shadow.build/Debug/shadow.build/DerivedSources-normal/arm64 -Xcc -I/Users/joshue/Library/Developer/Xcode/DerivedData/shadow-ftkykcgavzkqrgbimadfdqccarrj/Build/Intermediates.noindex/shadow.build/Debug/shadow.build/DerivedSources/arm64 -Xcc -I/Users/joshue/Library/Developer/Xcode/DerivedData/shadow-ftkykcgavzkqrgbimadfdqccarrj/Build/Intermediates.noindex/shadow.build/Debug/shadow.build/DerivedSources -Xcc -DDEBUG\=1 -emit-objc-header -emit-objc-header-path /Users/joshue/Library/Developer/Xcode/DerivedData/shadow-ftkykcgavzkqrgbimadfdqccarrj/Build/Intermediates.noindex/shadow.build/Debug/shadow.build/Objects-normal/arm64/shadow-Swift.h -working-directory /Users/joshue/projects/shadow -experimental-emit-module-separately -disable-cmo

SwiftCompile normal arm64 Compiling\ CatSpriteLoader.swift,\ CatState.swift /Users/joshue/projects/shadow/shadow/CatSpriteLoader.swift /Users/joshue/projects/shadow/shadow/CatState.swift (in target 'shadow' from project 'shadow')

SwiftCompile normal arm64 /Users/joshue/projects/shadow/shadow/CatSpriteLoader.swift (in target 'shadow' from project 'shadow')
    cd /Users/joshue/projects/shadow
    

SwiftCompile normal arm64 /Users/joshue/projects/shadow/shadow/CatState.swift (in target 'shadow' from project 'shadow')
    cd /Users/joshue/projects/shadow
    

SwiftCompile normal arm64 Compiling\ CatAnimationClip.swift,\ CatAnimationConfig.swift /Users/joshue/projects/shadow/shadow/CatAnimationClip.swift /Users/joshue/projects/shadow/shadow/CatAnimationConfig.swift (in target 'shadow' from project 'shadow')
SwiftCompile normal arm64 /Users/joshue/projects/shadow/shadow/CatAnimationClip.swift (in target 'shadow' from project 'shadow')
    cd /Users/joshue/projects/shadow
    

SwiftCompile normal arm64 /Users/joshue/projects/shadow/shadow/CatAnimationConfig.swift (in target 'shadow' from project 'shadow')
    cd /Users/joshue/projects/shadow
    

SwiftCompile normal arm64 Compiling\ CatBehaviorContext.swift,\ CatBehaviorController.swift /Users/joshue/projects/shadow/shadow/CatBehaviorContext.swift /Users/joshue/projects/shadow/shadow/CatBehaviorController.swift (in target 'shadow' from project 'shadow')
SwiftCompile normal arm64 /Users/joshue/projects/shadow/shadow/CatBehaviorContext.swift (in target 'shadow' from project 'shadow')
    cd /Users/joshue/projects/shadow
    

SwiftCompile normal arm64 /Users/joshue/projects/shadow/shadow/CatBehaviorController.swift (in target 'shadow' from project 'shadow')
    cd /Users/joshue/projects/shadow
    

SwiftCompile normal arm64 Compiling\ AerialBehaviors.swift,\ AnimationPlayer.swift /Users/joshue/projects/shadow/shadow/AerialBehaviors.swift /Users/joshue/projects/shadow/shadow/AnimationPlayer.swift (in target 'shadow' from project 'shadow')
SwiftCompile normal arm64 /Users/joshue/projects/shadow/shadow/AerialBehaviors.swift (in target 'shadow' from project 'shadow')
    cd /Users/joshue/projects/shadow
    

SwiftCompile normal arm64 /Users/joshue/projects/shadow/shadow/AnimationPlayer.swift (in target 'shadow' from project 'shadow')
    cd /Users/joshue/projects/shadow
    

SwiftEmitModule normal arm64 Emitting\ module\ for\ shadow (in target 'shadow' from project 'shadow')

EmitSwiftModule normal arm64 (in target 'shadow' from project 'shadow')
    cd /Users/joshue/projects/shadow
    

SwiftCompile normal arm64 Compiling\ CatView.swift,\ ContentView.swift /Users/joshue/projects/shadow/shadow/CatView.swift /Users/joshue/projects/shadow/shadow/ContentView.swift (in target 'shadow' from project 'shadow')

SwiftCompile normal arm64 /Users/joshue/projects/shadow/shadow/CatView.swift (in target 'shadow' from project 'shadow')
    cd /Users/joshue/projects/shadow
    

SwiftCompile normal arm64 /Users/joshue/projects/shadow/shadow/ContentView.swift (in target 'shadow' from project 'shadow')
    cd /Users/joshue/projects/shadow
    

SwiftCompile normal arm64 Compiling\ LocomotionBehaviors.swift,\ RestBehaviors.swift /Users/joshue/projects/shadow/shadow/LocomotionBehaviors.swift /Users/joshue/projects/shadow/shadow/RestBehaviors.swift (in target 'shadow' from project 'shadow')
SwiftCompile normal arm64 /Users/joshue/projects/shadow/shadow/LocomotionBehaviors.swift (in target 'shadow' from project 'shadow')
    cd /Users/joshue/projects/shadow
    

SwiftCompile normal arm64 /Users/joshue/projects/shadow/shadow/RestBehaviors.swift (in target 'shadow' from project 'shadow')
    cd /Users/joshue/projects/shadow
    

SwiftCompile normal arm64 Compiling\ WindowMotionProxy.swift /Users/joshue/projects/shadow/shadow/WindowMotionProxy.swift (in target 'shadow' from project 'shadow')

SwiftCompile normal arm64 /Users/joshue/projects/shadow/shadow/WindowMotionProxy.swift (in target 'shadow' from project 'shadow')
    cd /Users/joshue/projects/shadow
    

SwiftCompile normal arm64 Compiling\ shadowApp.swift /Users/joshue/projects/shadow/shadow/shadowApp.swift (in target 'shadow' from project 'shadow')

SwiftCompile normal arm64 /Users/joshue/projects/shadow/shadow/shadowApp.swift (in target 'shadow' from project 'shadow')
    cd /Users/joshue/projects/shadow
    

SwiftCompile normal arm64 Compiling\ GeneratedAssetSymbols.swift /Users/joshue/Library/Developer/Xcode/DerivedData/shadow-ftkykcgavzkqrgbimadfdqccarrj/Build/Intermediates.noindex/shadow.build/Debug/shadow.build/DerivedSources/GeneratedAssetSymbols.swift (in target 'shadow' from project 'shadow')

SwiftCompile normal arm64 /Users/joshue/Library/Developer/Xcode/DerivedData/shadow-ftkykcgavzkqrgbimadfdqccarrj/Build/Intermediates.noindex/shadow.build/Debug/shadow.build/DerivedSources/GeneratedAssetSymbols.swift (in target 'shadow' from project 'shadow')
    cd /Users/joshue/projects/shadow
    

SwiftCompile normal arm64 Compiling\ WindowAccessor.swift /Users/joshue/projects/shadow/shadow/WindowAccessor.swift (in target 'shadow' from project 'shadow')

SwiftCompile normal arm64 /Users/joshue/projects/shadow/shadow/WindowAccessor.swift (in target 'shadow' from project 'shadow')
    cd /Users/joshue/projects/shadow
    

SwiftDriverJobDiscovery normal arm64 Compiling shadowApp.swift (in target 'shadow' from project 'shadow')

SwiftDriverJobDiscovery normal arm64 Emitting module for shadow (in target 'shadow' from project 'shadow')

SwiftDriverJobDiscovery normal arm64 Compiling GeneratedAssetSymbols.swift (in target 'shadow' from project 'shadow')

SwiftDriver\ Compilation\ Requirements shadow normal arm64 com.apple.xcode.tools.swift.compiler (in target 'shadow' from project 'shadow')
    cd /Users/joshue/projects/shadow
    builtin-Swift-Compilation-Requirements -- /Applications/Xcode.app/Contents/Developer/Toolchains/XcodeDefault.xctoolchain/usr/bin/swiftc -module-name shadow -Onone -enforce-exclusivity\=checked @/Users/joshue/Library/Developer/Xcode/DerivedData/shadow-ftkykcgavzkqrgbimadfdqccarrj/Build/Intermediates.noindex/shadow.build/Debug/shadow.build/Objects-normal/arm64/shadow.SwiftFileList -DDEBUG -default-isolation\=MainActor -enable-bare-slash-regex -enable-upcoming-feature DisableOutwardActorInference -enable-upcoming-feature InferSendableFromCaptures -enable-upcoming-feature GlobalActorIsolatedTypesUsability -enable-upcoming-feature MemberImportVisibility -enable-upcoming-feature InferIsolatedConformances -enable-upcoming-feature NonisolatedNonsendingByDefault -enable-experimental-feature DebugDescriptionMacro -sdk /Applications/Xcode.app/Contents/Developer/Platforms/MacOSX.platform/Developer/SDKs/MacOSX26.2.sdk -target arm64-apple-macos15.0 -g -module-cache-path /Users/joshue/Library/Developer/Xcode/DerivedData/ModuleCache.noindex -Xfrontend -serialize-debugging-options -enable-testing -index-store-path /Users/joshue/Library/Developer/Xcode/DerivedData/shadow-ftkykcgavzkqrgbimadfdqccarrj/Index.noindex/DataStore -Xcc -D_LIBCPP_HARDENING_MODE\=_LIBCPP_HARDENING_MODE_DEBUG -swift-version 5 -I /Users/joshue/Library/Developer/Xcode/DerivedData/shadow-ftkykcgavzkqrgbimadfdqccarrj/Build/Products/Debug -F /Users/joshue/Library/Developer/Xcode/DerivedData/shadow-ftkykcgavzkqrgbimadfdqccarrj/Build/Products/Debug -emit-localized-strings -emit-localized-strings-path /Users/joshue/Library/Developer/Xcode/DerivedData/shadow-ftkykcgavzkqrgbimadfdqccarrj/Build/Intermediates.noindex/shadow.build/Debug/shadow.build/Objects-normal/arm64 -c -j10 -enable-batch-mode -incremental -Xcc -ivfsstatcache -Xcc /Users/joshue/Library/Developer/Xcode/DerivedData/SDKStatCaches.noindex/macosx26.2-25C57-00fa09913b459cbbc988d1f6730289ae.sdkstatcache -output-file-map /Users/joshue/Library/Developer/Xcode/DerivedData/shadow-ftkykcgavzkqrgbimadfdqccarrj/Build/Intermediates.noindex/shadow.build/Debug/shadow.build/Objects-normal/arm64/shadow-OutputFileMap.json -use-frontend-parseable-output -save-temps -no-color-diagnostics -explicit-module-build -module-cache-path /Users/joshue/Library/Developer/Xcode/DerivedData/shadow-ftkykcgavzkqrgbimadfdqccarrj/Build/Intermediates.noindex/SwiftExplicitPrecompiledModules -clang-scanner-module-cache-path /Users/joshue/Library/Developer/Xcode/DerivedData/ModuleCache.noindex -sdk-module-cache-path /Users/joshue/Library/Developer/Xcode/DerivedData/ModuleCache.noindex -serialize-diagnostics -emit-dependencies -emit-module -emit-module-path /Users/joshue/Library/Developer/Xcode/DerivedData/shadow-ftkykcgavzkqrgbimadfdqccarrj/Build/Intermediates.noindex/shadow.build/Debug/shadow.build/Objects-normal/arm64/shadow.swiftmodule -validate-clang-modules-once -clang-build-session-file /Users/joshue/Library/Developer/Xcode/DerivedData/ModuleCache.noindex/Session.modulevalidation -Xcc -I/Users/joshue/Library/Developer/Xcode/DerivedData/shadow-ftkykcgavzkqrgbimadfdqccarrj/Build/Intermediates.noindex/shadow.build/Debug/shadow.build/swift-overrides.hmap -emit-const-values -Xfrontend -const-gather-protocols-file -Xfrontend /Users/joshue/Library/Developer/Xcode/DerivedData/shadow-ftkykcgavzkqrgbimadfdqccarrj/Build/Intermediates.noindex/shadow.build/Debug/shadow.build/Objects-normal/arm64/shadow_const_extract_protocols.json -Xcc -iquote -Xcc /Users/joshue/Library/Developer/Xcode/DerivedData/shadow-ftkykcgavzkqrgbimadfdqccarrj/Build/Intermediates.noindex/shadow.build/Debug/shadow.build/shadow-generated-files.hmap -Xcc -I/Users/joshue/Library/Developer/Xcode/DerivedData/shadow-ftkykcgavzkqrgbimadfdqccarrj/Build/Intermediates.noindex/shadow.build/Debug/shadow.build/shadow-own-target-headers.hmap -Xcc -I/Users/joshue/Library/Developer/Xcode/DerivedData/shadow-ftkykcgavzkqrgbimadfdqccarrj/Build/Intermediates.noindex/shadow.build/Debug/shadow.build/shadow-all-target-headers.hmap -Xcc -iquote -Xcc /Users/joshue/Library/Developer/Xcode/DerivedData/shadow-ftkykcgavzkqrgbimadfdqccarrj/Build/Intermediates.noindex/shadow.build/Debug/shadow.build/shadow-project-headers.hmap -Xcc -I/Users/joshue/Library/Developer/Xcode/DerivedData/shadow-ftkykcgavzkqrgbimadfdqccarrj/Build/Products/Debug/include -Xcc -I/Users/joshue/Library/Developer/Xcode/DerivedData/shadow-ftkykcgavzkqrgbimadfdqccarrj/Build/Intermediates.noindex/shadow.build/Debug/shadow.build/DerivedSources-normal/arm64 -Xcc -I/Users/joshue/Library/Developer/Xcode/DerivedData/shadow-ftkykcgavzkqrgbimadfdqccarrj/Build/Intermediates.noindex/shadow.build/Debug/shadow.build/DerivedSources/arm64 -Xcc -I/Users/joshue/Library/Developer/Xcode/DerivedData/shadow-ftkykcgavzkqrgbimadfdqccarrj/Build/Intermediates.noindex/shadow.build/Debug/shadow.build/DerivedSources -Xcc -DDEBUG\=1 -emit-objc-header -emit-objc-header-path /Users/joshue/Library/Developer/Xcode/DerivedData/shadow-ftkykcgavzkqrgbimadfdqccarrj/Build/Intermediates.noindex/shadow.build/Debug/shadow.build/Objects-normal/arm64/shadow-Swift.h -working-directory /Users/joshue/projects/shadow -experimental-emit-module-separately -disable-cmo

SwiftMergeGeneratedHeaders /Users/joshue/Library/Developer/Xcode/DerivedData/shadow-ftkykcgavzkqrgbimadfdqccarrj/Build/Intermediates.noindex/shadow.build/Debug/shadow.build/DerivedSources/shadow-Swift.h /Users/joshue/Library/Developer/Xcode/DerivedData/shadow-ftkykcgavzkqrgbimadfdqccarrj/Build/Intermediates.noindex/shadow.build/Debug/shadow.build/Objects-normal/arm64/shadow-Swift.h (in target 'shadow' from project 'shadow')
    cd /Users/joshue/projects/shadow
    builtin-swiftHeaderTool -arch arm64 /Users/joshue/Library/Developer/Xcode/DerivedData/shadow-ftkykcgavzkqrgbimadfdqccarrj/Build/Intermediates.noindex/shadow.build/Debug/shadow.build/Objects-normal/arm64/shadow-Swift.h -o /Users/joshue/Library/Developer/Xcode/DerivedData/shadow-ftkykcgavzkqrgbimadfdqccarrj/Build/Intermediates.noindex/shadow.build/Debug/shadow.build/DerivedSources/shadow-Swift.h

Copy /Users/joshue/Library/Developer/Xcode/DerivedData/shadow-ftkykcgavzkqrgbimadfdqccarrj/Build/Products/Debug/shadow.swiftmodule/arm64-apple-macos.swiftmodule /Users/joshue/Library/Developer/Xcode/DerivedData/shadow-ftkykcgavzkqrgbimadfdqccarrj/Build/Intermediates.noindex/shadow.build/Debug/shadow.build/Objects-normal/arm64/shadow.swiftmodule (in target 'shadow' from project 'shadow')
    cd /Users/joshue/projects/shadow
    builtin-copy -exclude .DS_Store -exclude CVS -exclude .svn -exclude .git -exclude .hg -resolve-src-symlinks -rename /Users/joshue/Library/Developer/Xcode/DerivedData/shadow-ftkykcgavzkqrgbimadfdqccarrj/Build/Intermediates.noindex/shadow.build/Debug/shadow.build/Objects-normal/arm64/shadow.swiftmodule /Users/joshue/Library/Developer/Xcode/DerivedData/shadow-ftkykcgavzkqrgbimadfdqccarrj/Build/Products/Debug/shadow.swiftmodule/arm64-apple-macos.swiftmodule

Copy /Users/joshue/Library/Developer/Xcode/DerivedData/shadow-ftkykcgavzkqrgbimadfdqccarrj/Build/Products/Debug/shadow.swiftmodule/arm64-apple-macos.swiftdoc /Users/joshue/Library/Developer/Xcode/DerivedData/shadow-ftkykcgavzkqrgbimadfdqccarrj/Build/Intermediates.noindex/shadow.build/Debug/shadow.build/Objects-normal/arm64/shadow.swiftdoc (in target 'shadow' from project 'shadow')
    cd /Users/joshue/projects/shadow
    builtin-copy -exclude .DS_Store -exclude CVS -exclude .svn -exclude .git -exclude .hg -resolve-src-symlinks -rename /Users/joshue/Library/Developer/Xcode/DerivedData/shadow-ftkykcgavzkqrgbimadfdqccarrj/Build/Intermediates.noindex/shadow.build/Debug/shadow.build/Objects-normal/arm64/shadow.swiftdoc /Users/joshue/Library/Developer/Xcode/DerivedData/shadow-ftkykcgavzkqrgbimadfdqccarrj/Build/Products/Debug/shadow.swiftmodule/arm64-apple-macos.swiftdoc

SwiftDriverJobDiscovery normal arm64 Compiling WindowMotionProxy.swift (in target 'shadow' from project 'shadow')

Copy /Users/joshue/Library/Developer/Xcode/DerivedData/shadow-ftkykcgavzkqrgbimadfdqccarrj/Build/Products/Debug/shadow.swiftmodule/arm64-apple-macos.abi.json /Users/joshue/Library/Developer/Xcode/DerivedData/shadow-ftkykcgavzkqrgbimadfdqccarrj/Build/Intermediates.noindex/shadow.build/Debug/shadow.build/Objects-normal/arm64/shadow.abi.json (in target 'shadow' from project 'shadow')
    cd /Users/joshue/projects/shadow
    builtin-copy -exclude .DS_Store -exclude CVS -exclude .svn -exclude .git -exclude .hg -resolve-src-symlinks -rename /Users/joshue/Library/Developer/Xcode/DerivedData/shadow-ftkykcgavzkqrgbimadfdqccarrj/Build/Intermediates.noindex/shadow.build/Debug/shadow.build/Objects-normal/arm64/shadow.abi.json /Users/joshue/Library/Developer/Xcode/DerivedData/shadow-ftkykcgavzkqrgbimadfdqccarrj/Build/Products/Debug/shadow.swiftmodule/arm64-apple-macos.abi.json

Copy /Users/joshue/Library/Developer/Xcode/DerivedData/shadow-ftkykcgavzkqrgbimadfdqccarrj/Build/Products/Debug/shadow.swiftmodule/Project/arm64-apple-macos.swiftsourceinfo /Users/joshue/Library/Developer/Xcode/DerivedData/shadow-ftkykcgavzkqrgbimadfdqccarrj/Build/Intermediates.noindex/shadow.build/Debug/shadow.build/Objects-normal/arm64/shadow.swiftsourceinfo (in target 'shadow' from project 'shadow')
    cd /Users/joshue/projects/shadow
    builtin-copy -exclude .DS_Store -exclude CVS -exclude .svn -exclude .git -exclude .hg -resolve-src-symlinks -rename /Users/joshue/Library/Developer/Xcode/DerivedData/shadow-ftkykcgavzkqrgbimadfdqccarrj/Build/Intermediates.noindex/shadow.build/Debug/shadow.build/Objects-normal/arm64/shadow.swiftsourceinfo /Users/joshue/Library/Developer/Xcode/DerivedData/shadow-ftkykcgavzkqrgbimadfdqccarrj/Build/Products/Debug/shadow.swiftmodule/Project/arm64-apple-macos.swiftsourceinfo

SwiftDriverJobDiscovery normal arm64 Compiling CatSpriteLoader.swift, CatState.swift (in target 'shadow' from project 'shadow')

SwiftDriverJobDiscovery normal arm64 Compiling CatView.swift, ContentView.swift (in target 'shadow' from project 'shadow')

SwiftDriverJobDiscovery normal arm64 Compiling CatAnimationClip.swift, CatAnimationConfig.swift (in target 'shadow' from project 'shadow')

SwiftDriverJobDiscovery normal arm64 Compiling CatBehaviorContext.swift, CatBehaviorController.swift (in target 'shadow' from project 'shadow')

SwiftDriverJobDiscovery normal arm64 Compiling AerialBehaviors.swift, AnimationPlayer.swift (in target 'shadow' from project 'shadow')

SwiftDriverJobDiscovery normal arm64 Compiling WindowAccessor.swift (in target 'shadow' from project 'shadow')

SwiftDriverJobDiscovery normal arm64 Compiling LocomotionBehaviors.swift, RestBehaviors.swift (in target 'shadow' from project 'shadow')

SwiftDriver\ Compilation shadow normal arm64 com.apple.xcode.tools.swift.compiler (in target 'shadow' from project 'shadow')
    cd /Users/joshue/projects/shadow
    builtin-Swift-Compilation -- /Applications/Xcode.app/Contents/Developer/Toolchains/XcodeDefault.xctoolchain/usr/bin/swiftc -module-name shadow -Onone -enforce-exclusivity\=checked @/Users/joshue/Library/Developer/Xcode/DerivedData/shadow-ftkykcgavzkqrgbimadfdqccarrj/Build/Intermediates.noindex/shadow.build/Debug/shadow.build/Objects-normal/arm64/shadow.SwiftFileList -DDEBUG -default-isolation\=MainActor -enable-bare-slash-regex -enable-upcoming-feature DisableOutwardActorInference -enable-upcoming-feature InferSendableFromCaptures -enable-upcoming-feature GlobalActorIsolatedTypesUsability -enable-upcoming-feature MemberImportVisibility -enable-upcoming-feature InferIsolatedConformances -enable-upcoming-feature NonisolatedNonsendingByDefault -enable-experimental-feature DebugDescriptionMacro -sdk /Applications/Xcode.app/Contents/Developer/Platforms/MacOSX.platform/Developer/SDKs/MacOSX26.2.sdk -target arm64-apple-macos15.0 -g -module-cache-path /Users/joshue/Library/Developer/Xcode/DerivedData/ModuleCache.noindex -Xfrontend -serialize-debugging-options -enable-testing -index-store-path /Users/joshue/Library/Developer/Xcode/DerivedData/shadow-ftkykcgavzkqrgbimadfdqccarrj/Index.noindex/DataStore -Xcc -D_LIBCPP_HARDENING_MODE\=_LIBCPP_HARDENING_MODE_DEBUG -swift-version 5 -I /Users/joshue/Library/Developer/Xcode/DerivedData/shadow-ftkykcgavzkqrgbimadfdqccarrj/Build/Products/Debug -F /Users/joshue/Library/Developer/Xcode/DerivedData/shadow-ftkykcgavzkqrgbimadfdqccarrj/Build/Products/Debug -emit-localized-strings -emit-localized-strings-path /Users/joshue/Library/Developer/Xcode/DerivedData/shadow-ftkykcgavzkqrgbimadfdqccarrj/Build/Intermediates.noindex/shadow.build/Debug/shadow.build/Objects-normal/arm64 -c -j10 -enable-batch-mode -incremental -Xcc -ivfsstatcache -Xcc /Users/joshue/Library/Developer/Xcode/DerivedData/SDKStatCaches.noindex/macosx26.2-25C57-00fa09913b459cbbc988d1f6730289ae.sdkstatcache -output-file-map /Users/joshue/Library/Developer/Xcode/DerivedData/shadow-ftkykcgavzkqrgbimadfdqccarrj/Build/Intermediates.noindex/shadow.build/Debug/shadow.build/Objects-normal/arm64/shadow-OutputFileMap.json -use-frontend-parseable-output -save-temps -no-color-diagnostics -explicit-module-build -module-cache-path /Users/joshue/Library/Developer/Xcode/DerivedData/shadow-ftkykcgavzkqrgbimadfdqccarrj/Build/Intermediates.noindex/SwiftExplicitPrecompiledModules -clang-scanner-module-cache-path /Users/joshue/Library/Developer/Xcode/DerivedData/ModuleCache.noindex -sdk-module-cache-path /Users/joshue/Library/Developer/Xcode/DerivedData/ModuleCache.noindex -serialize-diagnostics -emit-dependencies -emit-module -emit-module-path /Users/joshue/Library/Developer/Xcode/DerivedData/shadow-ftkykcgavzkqrgbimadfdqccarrj/Build/Intermediates.noindex/shadow.build/Debug/shadow.build/Objects-normal/arm64/shadow.swiftmodule -validate-clang-modules-once -clang-build-session-file /Users/joshue/Library/Developer/Xcode/DerivedData/ModuleCache.noindex/Session.modulevalidation -Xcc -I/Users/joshue/Library/Developer/Xcode/DerivedData/shadow-ftkykcgavzkqrgbimadfdqccarrj/Build/Intermediates.noindex/shadow.build/Debug/shadow.build/swift-overrides.hmap -emit-const-values -Xfrontend -const-gather-protocols-file -Xfrontend /Users/joshue/Library/Developer/Xcode/DerivedData/shadow-ftkykcgavzkqrgbimadfdqccarrj/Build/Intermediates.noindex/shadow.build/Debug/shadow.build/Objects-normal/arm64/shadow_const_extract_protocols.json -Xcc -iquote -Xcc /Users/joshue/Library/Developer/Xcode/DerivedData/shadow-ftkykcgavzkqrgbimadfdqccarrj/Build/Intermediates.noindex/shadow.build/Debug/shadow.build/shadow-generated-files.hmap -Xcc -I/Users/joshue/Library/Developer/Xcode/DerivedData/shadow-ftkykcgavzkqrgbimadfdqccarrj/Build/Intermediates.noindex/shadow.build/Debug/shadow.build/shadow-own-target-headers.hmap -Xcc -I/Users/joshue/Library/Developer/Xcode/DerivedData/shadow-ftkykcgavzkqrgbimadfdqccarrj/Build/Intermediates.noindex/shadow.build/Debug/shadow.build/shadow-all-target-headers.hmap -Xcc -iquote -Xcc /Users/joshue/Library/Developer/Xcode/DerivedData/shadow-ftkykcgavzkqrgbimadfdqccarrj/Build/Intermediates.noindex/shadow.build/Debug/shadow.build/shadow-project-headers.hmap -Xcc -I/Users/joshue/Library/Developer/Xcode/DerivedData/shadow-ftkykcgavzkqrgbimadfdqccarrj/Build/Products/Debug/include -Xcc -I/Users/joshue/Library/Developer/Xcode/DerivedData/shadow-ftkykcgavzkqrgbimadfdqccarrj/Build/Intermediates.noindex/shadow.build/Debug/shadow.build/DerivedSources-normal/arm64 -Xcc -I/Users/joshue/Library/Developer/Xcode/DerivedData/shadow-ftkykcgavzkqrgbimadfdqccarrj/Build/Intermediates.noindex/shadow.build/Debug/shadow.build/DerivedSources/arm64 -Xcc -I/Users/joshue/Library/Developer/Xcode/DerivedData/shadow-ftkykcgavzkqrgbimadfdqccarrj/Build/Intermediates.noindex/shadow.build/Debug/shadow.build/DerivedSources -Xcc -DDEBUG\=1 -emit-objc-header -emit-objc-header-path /Users/joshue/Library/Developer/Xcode/DerivedData/shadow-ftkykcgavzkqrgbimadfdqccarrj/Build/Intermediates.noindex/shadow.build/Debug/shadow.build/Objects-normal/arm64/shadow-Swift.h -working-directory /Users/joshue/projects/shadow -experimental-emit-module-separately -disable-cmo

Ld /Users/joshue/Library/Developer/Xcode/DerivedData/shadow-ftkykcgavzkqrgbimadfdqccarrj/Build/Products/Debug/shadow.app/Contents/MacOS/shadow.debug.dylib normal (in target 'shadow' from project 'shadow')
    cd /Users/joshue/projects/shadow
    /Applications/Xcode.app/Contents/Developer/Toolchains/XcodeDefault.xctoolchain/usr/bin/clang -Xlinker -reproducible -target arm64-apple-macos15.0 -dynamiclib -isysroot /Applications/Xcode.app/Contents/Developer/Platforms/MacOSX.platform/Developer/SDKs/MacOSX26.2.sdk -O0 -L/Users/joshue/Library/Developer/Xcode/DerivedData/shadow-ftkykcgavzkqrgbimadfdqccarrj/Build/Intermediates.noindex/EagerLinkingTBDs/Debug -L/Users/joshue/Library/Developer/Xcode/DerivedData/shadow-ftkykcgavzkqrgbimadfdqccarrj/Build/Products/Debug -F/Users/joshue/Library/Developer/Xcode/DerivedData/shadow-ftkykcgavzkqrgbimadfdqccarrj/Build/Intermediates.noindex/EagerLinkingTBDs/Debug -F/Users/joshue/Library/Developer/Xcode/DerivedData/shadow-ftkykcgavzkqrgbimadfdqccarrj/Build/Products/Debug -filelist /Users/joshue/Library/Developer/Xcode/DerivedData/shadow-ftkykcgavzkqrgbimadfdqccarrj/Build/Intermediates.noindex/shadow.build/Debug/shadow.build/Objects-normal/arm64/shadow.LinkFileList -install_name @rpath/shadow.debug.dylib -Xlinker -rpath -Xlinker /usr/lib/swift -Xlinker -rpath -Xlinker @executable_path/Frameworks -Xlinker -object_path_lto -Xlinker /Users/joshue/Library/Developer/Xcode/DerivedData/shadow-ftkykcgavzkqrgbimadfdqccarrj/Build/Intermediates.noindex/shadow.build/Debug/shadow.build/Objects-normal/arm64/shadow_lto.o -rdynamic -Xlinker -no_deduplicate -Xlinker -dependency_info -Xlinker /Users/joshue/Library/Developer/Xcode/DerivedData/shadow-ftkykcgavzkqrgbimadfdqccarrj/Build/Intermediates.noindex/shadow.build/Debug/shadow.build/Objects-normal/arm64/shadow_dependency_info.dat -fobjc-link-runtime -L/Applications/Xcode.app/Contents/Developer/Toolchains/XcodeDefault.xctoolchain/usr/lib/swift/macosx -L/usr/lib/swift -Xlinker -add_ast_path -Xlinker /Users/joshue/Library/Developer/Xcode/DerivedData/shadow-ftkykcgavzkqrgbimadfdqccarrj/Build/Intermediates.noindex/shadow.build/Debug/shadow.build/Objects-normal/arm64/shadow.swiftmodule @/Users/joshue/Library/Developer/Xcode/DerivedData/shadow-ftkykcgavzkqrgbimadfdqccarrj/Build/Intermediates.noindex/shadow.build/Debug/shadow.build/Objects-normal/arm64/shadow-linker-args.resp -Xlinker -alias -Xlinker _main -Xlinker ___debug_main_executable_dylib_entry_point -Xlinker -no_adhoc_codesign -o /Users/joshue/Library/Developer/Xcode/DerivedData/shadow-ftkykcgavzkqrgbimadfdqccarrj/Build/Products/Debug/shadow.app/Contents/MacOS/shadow.debug.dylib

ConstructStubExecutorLinkFileList /Users/joshue/Library/Developer/Xcode/DerivedData/shadow-ftkykcgavzkqrgbimadfdqccarrj/Build/Intermediates.noindex/shadow.build/Debug/shadow.build/shadow-ExecutorLinkFileList-normal-arm64.txt (in target 'shadow' from project 'shadow')
    cd /Users/joshue/projects/shadow
    construct-stub-executor-link-file-list /Users/joshue/Library/Developer/Xcode/DerivedData/shadow-ftkykcgavzkqrgbimadfdqccarrj/Build/Products/Debug/shadow.app/Contents/MacOS/shadow.debug.dylib /Applications/Xcode.app/Contents/Developer/Platforms/MacOSX.platform/Developer/usr/lib/libPreviewsJITStubExecutor_no_swift_entry_point.a /Applications/Xcode.app/Contents/Developer/Platforms/MacOSX.platform/Developer/usr/lib/libPreviewsJITStubExecutor.a --output /Users/joshue/Library/Developer/Xcode/DerivedData/shadow-ftkykcgavzkqrgbimadfdqccarrj/Build/Intermediates.noindex/shadow.build/Debug/shadow.build/shadow-ExecutorLinkFileList-normal-arm64.txt
note: Using stub executor library with Swift entry point. (in target 'shadow' from project 'shadow')

Ld /Users/joshue/Library/Developer/Xcode/DerivedData/shadow-ftkykcgavzkqrgbimadfdqccarrj/Build/Products/Debug/shadow.app/Contents/MacOS/shadow normal (in target 'shadow' from project 'shadow')
    cd /Users/joshue/projects/shadow
    /Applications/Xcode.app/Contents/Developer/Toolchains/XcodeDefault.xctoolchain/usr/bin/clang -Xlinker -reproducible -target arm64-apple-macos15.0 -isysroot /Applications/Xcode.app/Contents/Developer/Platforms/MacOSX.platform/Developer/SDKs/MacOSX26.2.sdk -O0 -L/Users/joshue/Library/Developer/Xcode/DerivedData/shadow-ftkykcgavzkqrgbimadfdqccarrj/Build/Products/Debug -F/Users/joshue/Library/Developer/Xcode/DerivedData/shadow-ftkykcgavzkqrgbimadfdqccarrj/Build/Products/Debug -Xlinker -rpath -Xlinker @executable_path -Xlinker -rpath -Xlinker @executable_path/Frameworks -rdynamic -Xlinker -no_deduplicate -e ___debug_blank_executor_main -Xlinker -sectcreate -Xlinker __TEXT -Xlinker __debug_dylib -Xlinker /Users/joshue/Library/Developer/Xcode/DerivedData/shadow-ftkykcgavzkqrgbimadfdqccarrj/Build/Intermediates.noindex/shadow.build/Debug/shadow.build/shadow-DebugDylibPath-normal-arm64.txt -Xlinker -sectcreate -Xlinker __TEXT -Xlinker __debug_instlnm -Xlinker /Users/joshue/Library/Developer/Xcode/DerivedData/shadow-ftkykcgavzkqrgbimadfdqccarrj/Build/Intermediates.noindex/shadow.build/Debug/shadow.build/shadow-DebugDylibInstallName-normal-arm64.txt -Xlinker -filelist -Xlinker /Users/joshue/Library/Developer/Xcode/DerivedData/shadow-ftkykcgavzkqrgbimadfdqccarrj/Build/Intermediates.noindex/shadow.build/Debug/shadow.build/shadow-ExecutorLinkFileList-normal-arm64.txt /Users/joshue/Library/Developer/Xcode/DerivedData/shadow-ftkykcgavzkqrgbimadfdqccarrj/Build/Products/Debug/shadow.app/Contents/MacOS/shadow.debug.dylib -Xlinker -no_adhoc_codesign -o /Users/joshue/Library/Developer/Xcode/DerivedData/shadow-ftkykcgavzkqrgbimadfdqccarrj/Build/Products/Debug/shadow.app/Contents/MacOS/shadow

CopySwiftLibs /Users/joshue/Library/Developer/Xcode/DerivedData/shadow-ftkykcgavzkqrgbimadfdqccarrj/Build/Products/Debug/shadow.app (in target 'shadow' from project 'shadow')
    cd /Users/joshue/projects/shadow
    builtin-swiftStdLibTool --copy --verbose --sign - --scan-executable /Users/joshue/Library/Developer/Xcode/DerivedData/shadow-ftkykcgavzkqrgbimadfdqccarrj/Build/Products/Debug/shadow.app/Contents/MacOS/shadow.debug.dylib --scan-folder /Users/joshue/Library/Developer/Xcode/DerivedData/shadow-ftkykcgavzkqrgbimadfdqccarrj/Build/Products/Debug/shadow.app/Contents/Frameworks --scan-folder /Users/joshue/Library/Developer/Xcode/DerivedData/shadow-ftkykcgavzkqrgbimadfdqccarrj/Build/Products/Debug/shadow.app/Contents/PlugIns --scan-folder /Users/joshue/Library/Developer/Xcode/DerivedData/shadow-ftkykcgavzkqrgbimadfdqccarrj/Build/Products/Debug/shadow.app/Contents/Library/SystemExtensions --scan-folder /Users/joshue/Library/Developer/Xcode/DerivedData/shadow-ftkykcgavzkqrgbimadfdqccarrj/Build/Products/Debug/shadow.app/Contents/Extensions --platform macosx --toolchain /Applications/Xcode.app/Contents/Developer/Toolchains/XcodeDefault.xctoolchain --destination /Users/joshue/Library/Developer/Xcode/DerivedData/shadow-ftkykcgavzkqrgbimadfdqccarrj/Build/Products/Debug/shadow.app/Contents/Frameworks --strip-bitcode --strip-bitcode-tool /Applications/Xcode.app/Contents/Developer/Toolchains/XcodeDefault.xctoolchain/usr/bin/bitcode_strip --emit-dependency-info /Users/joshue/Library/Developer/Xcode/DerivedData/shadow-ftkykcgavzkqrgbimadfdqccarrj/Build/Intermediates.noindex/shadow.build/Debug/shadow.build/SwiftStdLibToolInputDependencies.dep --filter-for-swift-os --back-deploy-swift-span

ExtractAppIntentsMetadata (in target 'shadow' from project 'shadow')
    cd /Users/joshue/projects/shadow
    /Applications/Xcode.app/Contents/Developer/Toolchains/XcodeDefault.xctoolchain/usr/bin/appintentsmetadataprocessor --toolchain-dir /Applications/Xcode.app/Contents/Developer/Toolchains/XcodeDefault.xctoolchain --module-name shadow --sdk-root /Applications/Xcode.app/Contents/Developer/Platforms/MacOSX.platform/Developer/SDKs/MacOSX26.2.sdk --xcode-version 17C52 --platform-family macOS --deployment-target 15.0 --bundle-identifier RAW.shadow --output /Users/joshue/Library/Developer/Xcode/DerivedData/shadow-ftkykcgavzkqrgbimadfdqccarrj/Build/Products/Debug/shadow.app/Contents/Resources --target-triple arm64-apple-macos15.0 --binary-file /Users/joshue/Library/Developer/Xcode/DerivedData/shadow-ftkykcgavzkqrgbimadfdqccarrj/Build/Products/Debug/shadow.app/Contents/MacOS/shadow --dependency-file /Users/joshue/Library/Developer/Xcode/DerivedData/shadow-ftkykcgavzkqrgbimadfdqccarrj/Build/Intermediates.noindex/shadow.build/Debug/shadow.build/Objects-normal/arm64/shadow_dependency_info.dat --stringsdata-file /Users/joshue/Library/Developer/Xcode/DerivedData/shadow-ftkykcgavzkqrgbimadfdqccarrj/Build/Intermediates.noindex/shadow.build/Debug/shadow.build/Objects-normal/arm64/ExtractedAppShortcutsMetadata.stringsdata --source-file-list /Users/joshue/Library/Developer/Xcode/DerivedData/shadow-ftkykcgavzkqrgbimadfdqccarrj/Build/Intermediates.noindex/shadow.build/Debug/shadow.build/Objects-normal/arm64/shadow.SwiftFileList --metadata-file-list /Users/joshue/Library/Developer/Xcode/DerivedData/shadow-ftkykcgavzkqrgbimadfdqccarrj/Build/Intermediates.noindex/shadow.build/Debug/shadow.build/shadow.DependencyMetadataFileList --static-metadata-file-list /Users/joshue/Library/Developer/Xcode/DerivedData/shadow-ftkykcgavzkqrgbimadfdqccarrj/Build/Intermediates.noindex/shadow.build/Debug/shadow.build/shadow.DependencyStaticMetadataFileList --swift-const-vals-list /Users/joshue/Library/Developer/Xcode/DerivedData/shadow-ftkykcgavzkqrgbimadfdqccarrj/Build/Intermediates.noindex/shadow.build/Debug/shadow.build/Objects-normal/arm64/shadow.SwiftConstValuesFileList --compile-time-extraction --deployment-aware-processing --validate-assistant-intents --no-app-shortcuts-localization
2026-04-09 01:10:58.617 appintentsmetadataprocessor[35456:6958605] Starting appintentsmetadataprocessor export
2026-04-09 01:10:58.618 appintentsmetadataprocessor[35456:6958605] warning: Metadata extraction skipped. No AppIntents.framework dependency found.

CodeSign /Users/joshue/Library/Developer/Xcode/DerivedData/shadow-ftkykcgavzkqrgbimadfdqccarrj/Build/Products/Debug/shadow.app/Contents/MacOS/shadow.debug.dylib (in target 'shadow' from project 'shadow')
    cd /Users/joshue/projects/shadow
    
    Signing Identity:     "Sign to Run Locally"
    
    /usr/bin/codesign --force --sign - --timestamp\=none --generate-entitlement-der /Users/joshue/Library/Developer/Xcode/DerivedData/shadow-ftkykcgavzkqrgbimadfdqccarrj/Build/Products/Debug/shadow.app/Contents/MacOS/shadow.debug.dylib

CodeSign /Users/joshue/Library/Developer/Xcode/DerivedData/shadow-ftkykcgavzkqrgbimadfdqccarrj/Build/Products/Debug/shadow.app/Contents/MacOS/__preview.dylib (in target 'shadow' from project 'shadow')
    cd /Users/joshue/projects/shadow
    
    Signing Identity:     "Sign to Run Locally"
    
    /usr/bin/codesign --force --sign - --timestamp\=none --generate-entitlement-der /Users/joshue/Library/Developer/Xcode/DerivedData/shadow-ftkykcgavzkqrgbimadfdqccarrj/Build/Products/Debug/shadow.app/Contents/MacOS/__preview.dylib

CodeSign /Users/joshue/Library/Developer/Xcode/DerivedData/shadow-ftkykcgavzkqrgbimadfdqccarrj/Build/Products/Debug/shadow.app (in target 'shadow' from project 'shadow')
    cd /Users/joshue/projects/shadow
    
    Signing Identity:     "Sign to Run Locally"
    
    /usr/bin/codesign --force --sign - --entitlements /Users/joshue/Library/Developer/Xcode/DerivedData/shadow-ftkykcgavzkqrgbimadfdqccarrj/Build/Intermediates.noindex/shadow.build/Debug/shadow.build/shadow.app.xcent --timestamp\=none --generate-entitlement-der /Users/joshue/Library/Developer/Xcode/DerivedData/shadow-ftkykcgavzkqrgbimadfdqccarrj/Build/Products/Debug/shadow.app

RegisterExecutionPolicyException /Users/joshue/Library/Developer/Xcode/DerivedData/shadow-ftkykcgavzkqrgbimadfdqccarrj/Build/Products/Debug/shadow.app (in target 'shadow' from project 'shadow')
    cd /Users/joshue/projects/shadow
    builtin-RegisterExecutionPolicyException /Users/joshue/Library/Developer/Xcode/DerivedData/shadow-ftkykcgavzkqrgbimadfdqccarrj/Build/Products/Debug/shadow.app

Validate /Users/joshue/Library/Developer/Xcode/DerivedData/shadow-ftkykcgavzkqrgbimadfdqccarrj/Build/Products/Debug/shadow.app (in target 'shadow' from project 'shadow')
    cd /Users/joshue/projects/shadow
    builtin-validationUtility /Users/joshue/Library/Developer/Xcode/DerivedData/shadow-ftkykcgavzkqrgbimadfdqccarrj/Build/Products/Debug/shadow.app -no-validate-extension -infoplist-subpath Contents/Info.plist

Touch /Users/joshue/Library/Developer/Xcode/DerivedData/shadow-ftkykcgavzkqrgbimadfdqccarrj/Build/Products/Debug/shadow.app (in target 'shadow' from project 'shadow')
    cd /Users/joshue/projects/shadow
    /usr/bin/touch -c /Users/joshue/Library/Developer/Xcode/DerivedData/shadow-ftkykcgavzkqrgbimadfdqccarrj/Build/Products/Debug/shadow.app

RegisterWithLaunchServices /Users/joshue/Library/Developer/Xcode/DerivedData/shadow-ftkykcgavzkqrgbimadfdqccarrj/Build/Products/Debug/shadow.app (in target 'shadow' from project 'shadow')
    cd /Users/joshue/projects/shadow
    /System/Library/Frameworks/CoreServices.framework/Versions/Current/Frameworks/LaunchServices.framework/Versions/Current/Support/lsregister -f -R -trusted /Users/joshue/Library/Developer/Xcode/DerivedData/shadow-ftkykcgavzkqrgbimadfdqccarrj/Build/Products/Debug/shadow.app

** BUILD SUCCEEDED **

